2026-09-24 04:12:29.644: [INFO] CurrentProfilePath: C:\Users\VictorE\Desktop\R.P\Proyecto CRODE\Pro-Solar\scratch\chrome_edge_profile_fixed\Default
2026-09-24 04:12:29.644: [INFO] Profiles total count: 1
2026-09-24 04:12:29.644: [INFO] Profile: name=Perfil 1 path=C:\Users\VictorE\Desktop\R.P\Proyecto CRODE\Pro-Solar\scratch\chrome_edge_profile_fixed\Default lastActive=2026-09-24T04:12:29.619Z
2026-09-24 04:12:29.644: [INFO] LastUsedProfileDir: C:\Users\VictorE\Desktop\R.P\Proyecto CRODE\Pro-Solar\scratch\chrome_edge_profile_fixed\Default
2026-09-24 04:12:29.644: [INFO] MostRecentlyActiveProfile: name=Perfil 1 path=C:\Users\VictorE\Desktop\R.P\Proyecto CRODE\Pro-Solar\scratch\chrome_edge_profile_fixed\Default lastActive=2026-09-24T04:12:29.619Z
2026-09-24 04:12:29.644: [INFO] OnDoneLoading sync enabled: 0
2026-09-24 04:12:29.644: [INFO] BookmarkModelLoaded, ids_reassigned: 0
2026-09-24 04:12:29.644: [INFO] BookmarksLoadDropped droppedNodes=0
2026-09-24 04:12:29.644: [INFO] BookmarksSnapshot Startup total=0 bar=0 other=0 mobile=0 showBar=0 showBarNTP=1
2026-09-24 04:12:29.713: [INFO] RecordSyncInitDuration has_sync_been_enabled: 0 state: 0
2026-09-24 04:12:30.305: [INFO] VisibilityChanged: 0
2026-09-24 04:12:30.886: [INFO] RecordSyncInitDuration has_sync_been_enabled: 0 state: 0
2026-09-24 04:12:30.895: [INFO] RecordSyncInitDuration has_sync_been_enabled: 0 state: 3
2026-09-24 04:12:30.902: [INFO] Primary account changed.
2026-09-24 04:12:30.902: [INFO] OnPrimaryAccountChanged PrimaryAccountChangeEvent::Type::kSet
2026-09-24 04:12:30.920: [INFO] RecordSyncInitDuration has_sync_been_enabled: 0 state: 3
2026-09-24 04:12:30.952: [INFO] RecordSyncInitDuration has_sync_been_enabled: 0 state: 3
2026-09-24 04:12:32.935: [INFO] BookmarkNodeAdded, ABU: 0
2026-09-24 04:12:32.936: [INFO] BookmarkNodeAdded, ABU: 0
2026-09-24 04:12:32.936: [INFO] BookmarkNodeAdded, ABU: 0
2026-09-24 04:12:32.936: [INFO] BookmarkNodeAdded, ABU: 0
2026-09-24 04:12:32.937: [INFO] BookmarkNodeAdded, ABU: 0
2026-09-24 04:12:32.937: [INFO] BookmarkNodeAdded, ABU: 0
2026-09-24 04:12:32.937: [INFO] BookmarkNodeAdded, ABU: 0
2026-09-24 04:12:32.937: [INFO] BookmarkNodeAdded, ABU: 0
2026-09-24 04:12:32.958: [INFO] BookmarkBarPrefChanged showBar=0 showBarNTP=1
2026-09-24 04:12:33.228: [INFO] Sync initialization duration: 2067ms
