{"logTime": "0924/041110", "correlationVector":"KbjJvL8zlveWX99qatJvCF.1","action":"SyncServerConnectionManagerRequest", "result":"SYNC_SERVER_OK", "context":{"environment":"Prod_centralus_prod-s01-068-nam-centralus", "migrationStage":"NotStarted", "server":"akswtt007000018"}}
{"logTime": "0924/041110", "correlationVector":"KbjJvL8zlveWX99qatJvCF.2","action":"ProcessGetUpdates", "result":"Done", "context":{"dataType":"Encryption Keys", "deleted":"0", "process_failed_to_decrypt":"0", "process_pending_decryption":"0", "process_success":"1", "total":"1"}}
{"logTime": "0924/041111", "correlationVector":"O388dBJ4gAmmt0lMeqGl3K","action":"SyncServerConnectionManagerRequest", "result":"SYNC_SERVER_OK", "context":{"environment":"", "migrationStage":"", "server":""}}
{"logTime": "0924/041111", "correlationVector":"O388dBJ4gAmmt0lMeqGl3K.0","action":"EncryptionKeysFetcher.DownloadKeys:", "result":"Success", "context":Key count: 6, Last key timestamp: 2026-06-24T01:14:10Z}
{"logTime": "0924/041111", "correlationVector":"O388dBJ4gAmmt0lMeqGl3K.1","action":"EncryptionKeysManager::SetEncryptionKeys:", "result":"Success", "context":Key names[6]:[oZJq4S/eFJGRQ2fvpIKUpzjtDZvS8w4fLpgJH1uqm6zPnpHjltu2M0hiVGygXs423nB9oCvRtn00wf1DY2/Z7Q==][T5aMQgbdQ9XP2xd+K6uVITxk1I+EVWJNF3mV/RIGA0n27Lqxbt5W8g0zQ1ZAnFB2WF1hJrYoHgeiQYWZotzzJA==][SxslP0qRw72Nevrne7w5oWhyTE3/+aAwCNa8Uk+xSzH8eyn+RqGaYi/rosINVr6jIGJtsAi3DdYaEVJwKOpwZw==][CQ9dQWrn0oIQijYlyosApw3bjiQUCCyu4agLLchSk/eWNwvkc2qw6V++G/Fu9rtj0kve7Sw/Lbx9tZ9vTDAvIw==][O4wNThNldyKm3glekRE+s0Ck45vETvOPjhgEvaREfvZ7GisSy5FuGZ9OzDsn7UdMppKFcq9Zdq9mqmSbojeLXw==][T3cRE4/ipafQvkFDKxE6bg5k/NUDM+Ij5X4gErtbuIlvJDkYd5fnIzvTkLa/K59zmIeL2qf4I1IMfIDhcZI8ew==]}
{"logTime": "0924/041111", "correlationVector":"O388dBJ4gAmmt0lMeqGl3K.2","action":"EncryptionKeysManager::SetEncryptionKeysWithTimestamps:", "result":"Success", "context":Key timestamps[6]:[2023-02-10T22:52:43Z][2023-09-20T17:28:13Z][2025-01-27T19:25:06Z][2025-05-06T20:49:36Z][2025-11-24T20:40:42Z][2026-06-24T01:14:10Z]}
{"logTime": "0924/041111", "correlationVector":"KbjJvL8zlveWX99qatJvCF","action":"Initial GetUpdates", "result":"", "context":Reason: NEW_CLIENT. cV=KbjJvL8zlveWX99qatJvCF}
{"logTime": "0924/041111", "correlationVector":"KbjJvL8zlveWX99qatJvCF.3","action":"GetUpdates Response", "result":"Success", "context":Received 1 update(s). cV=KbjJvL8zlveWX99qatJvCF.0;server=akswtt007000018;cloudType=Consumer;environment=Prod_centralus_prod-s01-068-nam-centralus;migrationStage=NotStarted}
{"logTime": "0924/041111", "correlationVector":"i+gmNd1K9jzakWRIGs1445","action":"Initial GetUpdates", "result":"", "context":Reason: NEWLY_SUPPORTED_DATATYPE. cV=i+gmNd1K9jzakWRIGs1445}
{"logTime": "0924/041111", "correlationVector":"i+gmNd1K9jzakWRIGs1445.1","action":"SyncServerConnectionManagerRequest", "result":"SYNC_SERVER_OK", "context":{"environment":"Prod_centralus_prod-s01-068-nam-centralus", "migrationStage":"NotStarted", "server":"akswtt00700001q"}}
{"logTime": "0924/041111", "correlationVector":"i+gmNd1K9jzakWRIGs1445.2","action":"ProcessGetUpdates", "result":"Done", "context":{"dataType":"Passwords", "deleted":"0", "process_failed_to_decrypt":"0", "process_pending_decryption":"0", "process_success":"52", "total":"52"}}
{"logTime": "0924/041111", "correlationVector":"i+gmNd1K9jzakWRIGs1445.3","action":"ProcessGetUpdates", "result":"Done", "context":{"dataType":"Device Info", "deleted":"0", "process_failed_to_decrypt":"0", "process_pending_decryption":"0", "process_success":"3", "total":"3"}}
{"logTime": "0924/041111", "correlationVector":"i+gmNd1K9jzakWRIGs1445.4","action":"GetUpdates Response", "result":"Success", "context":Received 55 update(s). cV=i+gmNd1K9jzakWRIGs1445.0;server=akswtt00700001q;cloudType=Consumer;environment=Prod_centralus_prod-s01-068-nam-centralus;migrationStage=NotStarted}
{"logTime": "0924/041111", "correlationVector":"igIYH2qrguw9fvrpknGChf","action":"Initial GetUpdates", "result":"", "context":Reason: NEWLY_SUPPORTED_DATATYPE. cV=igIYH2qrguw9fvrpknGChf}
{"logTime": "0924/041111", "correlationVector":"igIYH2qrguw9fvrpknGChf.1","action":"SyncServerConnectionManagerRequest", "result":"SYNC_SERVER_OK", "context":{"environment":"Prod_centralus_prod-s01-068-nam-centralus", "migrationStage":"NotStarted", "server":"akswtt00700000s"}}
{"logTime": "0924/041111", "correlationVector":"igIYH2qrguw9fvrpknGChf.2","action":"ProcessGetUpdates", "result":"Done", "context":{"dataType":"Bookmarks", "deleted":"0", "process_failed_to_decrypt":"0", "process_pending_decryption":"0", "process_success":"14", "total":"14"}}
{"logTime": "0924/041111", "correlationVector":"igIYH2qrguw9fvrpknGChf.3","action":"ProcessGetUpdates", "result":"Done", "context":{"dataType":"Preferences", "deleted":"0", "process_failed_to_decrypt":"0", "process_pending_decryption":"0", "process_success":"46", "total":"46"}}
{"logTime": "0924/041111", "correlationVector":"igIYH2qrguw9fvrpknGChf.4","action":"ProcessGetUpdates", "result":"Done", "context":{"dataType":"Autofill", "deleted":"0", "process_failed_to_decrypt":"0", "process_pending_decryption":"0", "process_success":"2", "total":"2"}}
{"logTime": "0924/041111", "correlationVector":"igIYH2qrguw9fvrpknGChf.5","action":"GetUpdates Response", "result":"Success", "context":Received 62 update(s). cV=igIYH2qrguw9fvrpknGChf.0;server=akswtt00700000s;cloudType=Consumer;environment=Prod_centralus_prod-s01-068-nam-centralus;migrationStage=NotStarted}
{"logTime": "0924/041111", "correlationVector":"8Xugj0Xbc3tSGGkVUFwZAq","action":"Initial GetUpdates", "result":"", "context":Reason: NEWLY_SUPPORTED_DATATYPE. cV=8Xugj0Xbc3tSGGkVUFwZAq}
{"logTime": "0924/041112", "correlationVector":"8Xugj0Xbc3tSGGkVUFwZAq.1","action":"SyncServerConnectionManagerRequest", "result":"SYNC_SERVER_OK", "context":{"environment":"Prod_centralus_prod-s01-068-nam-centralus", "migrationStage":"NotStarted", "server":"akswtt00700000k"}}
{"logTime": "0924/041112", "correlationVector":"8Xugj0Xbc3tSGGkVUFwZAq.2","action":"GetUpdates Response", "result":"Success", "context":Received 0 update(s). cV=8Xugj0Xbc3tSGGkVUFwZAq.0;server=akswtt00700000k;cloudType=Consumer;environment=Prod_centralus_prod-s01-068-nam-centralus;migrationStage=NotStarted}
{"logTime": "0924/041112", "correlationVector":"8UPcDub+Ckox0RejsAIaJy","action":"Normal GetUpdate request", "result":"", "context":cV=8UPcDub+Ckox0RejsAIaJy
Nudged types: Sessions, Device Info, User Consents, History
Refresh requested types: Bookmarks, Preferences, Passwords, Autofill Profiles, Autofill, Extensions, Sessions, Extension settings, History Delete Directives, Device Info, User Consents, Send Tab To Self, Web Apps, History, Saved Tab Group, WebAuthn Credentials, Edge Hub App Usage, Edge Workspace, Encryption Keys}
{"logTime": "0924/041112", "correlationVector":"8UPcDub+Ckox0RejsAIaJy.1","action":"SyncServerConnectionManagerRequest", "result":"SYNC_SERVER_OK", "context":{"environment":"Prod_centralus_prod-s01-068-nam-centralus", "migrationStage":"NotStarted", "server":"akswtt007000013"}}
{"logTime": "0924/041112", "correlationVector":"8UPcDub+Ckox0RejsAIaJy.2","action":"GetUpdates Response", "result":"Success", "context":Received 0 update(s). cV=8UPcDub+Ckox0RejsAIaJy.0;server=akswtt007000013;cloudType=Consumer;environment=Prod_centralus_prod-s01-068-nam-centralus;migrationStage=NotStarted}
{"logTime": "0924/041112", "correlationVector":"7mF4AuBVgnP9NhxRboJo4j","action":"Commit Request", "result":"", "context":Item count: 7
Contributing types: Sessions, Device Info, User Consents, History}
{"logTime": "0924/041113", "correlationVector":"7mF4AuBVgnP9NhxRboJo4j.1","action":"SyncServerConnectionManagerRequest", "result":"SYNC_SERVER_OK", "context":{"environment":"Prod_centralus_prod-s01-068-nam-centralus", "migrationStage":"NotStarted", "server":"akswtt00700000f"}}
{"logTime": "0924/041113", "correlationVector":"7mF4AuBVgnP9NhxRboJo4j.2","action":"Commit Response", "result":"Success", "context":Result: Success. cV=7mF4AuBVgnP9NhxRboJo4j.0;server=akswtt00700000f;cloudType=Consumer;environment=Prod_centralus_prod-s01-068-nam-centralus;migrationStage=NotStarted}
{"logTime": "0924/041113", "correlationVector":"2zLreLL6RZcq8hplQ5LjlU","action":"Commit Request", "result":"", "context":Item count: 3
Contributing types: Sessions, History}
{"logTime": "0924/041113", "correlationVector":"2zLreLL6RZcq8hplQ5LjlU.1","action":"SyncServerConnectionManagerRequest", "result":"SYNC_SERVER_OK", "context":{"environment":"Prod_centralus_prod-s01-068-nam-centralus", "migrationStage":"NotStarted", "server":"akswtt00700001o"}}
{"logTime": "0924/041113", "correlationVector":"2zLreLL6RZcq8hplQ5LjlU.2","action":"Commit Response", "result":"Success", "context":Result: Success. cV=2zLreLL6RZcq8hplQ5LjlU.0;server=akswtt00700001o;cloudType=Consumer;environment=Prod_centralus_prod-s01-068-nam-centralus;migrationStage=NotStarted}
