2026-09-24 04:11:04.239: [INFO] CurrentProfilePath: C:\Users\VictorE\Desktop\R.P\Proyecto CRODE\Pro-Solar\scratch\chrome_edge_profile\Default
2026-09-24 04:11:04.239: [INFO] Profiles total count: 1
2026-09-24 04:11:04.239: [INFO] Profile: name=Perfil 1 path=C:\Users\VictorE\Desktop\R.P\Proyecto CRODE\Pro-Solar\scratch\chrome_edge_profile\Default lastActive=2026-09-24T04:11:04.202Z
2026-09-24 04:11:04.239: [INFO] LastUsedProfileDir: C:\Users\VictorE\Desktop\R.P\Proyecto CRODE\Pro-Solar\scratch\chrome_edge_profile\Default
2026-09-24 04:11:04.239: [INFO] MostRecentlyActiveProfile: name=Perfil 1 path=C:\Users\VictorE\Desktop\R.P\Proyecto CRODE\Pro-Solar\scratch\chrome_edge_profile\Default lastActive=2026-09-24T04:11:04.202Z
2026-09-24 04:11:04.239: [INFO] OnDoneLoading sync enabled: 0
2026-09-24 04:11:04.239: [INFO] BookmarkModelLoaded, ids_reassigned: 0
2026-09-24 04:11:04.239: [INFO] BookmarksLoadDropped droppedNodes=0
2026-09-24 04:11:04.239: [INFO] BookmarksSnapshot Startup total=0 bar=0 other=0 mobile=0 showBar=0 showBarNTP=1
2026-09-24 04:11:04.319: [INFO] RecordSyncInitDuration has_sync_been_enabled: 0 state: 0
2026-09-24 04:11:04.834: [INFO] VisibilityChanged: 0
2026-09-24 04:11:08.324: [INFO] RecordSyncInitDuration has_sync_been_enabled: 0 state: 0
2026-09-24 04:11:08.333: [INFO] RecordSyncInitDuration has_sync_been_enabled: 0 state: 3
2026-09-24 04:11:08.339: [INFO] Primary account changed.
2026-09-24 04:11:08.339: [INFO] OnPrimaryAccountChanged PrimaryAccountChangeEvent::Type::kSet
2026-09-24 04:11:08.359: [INFO] RecordSyncInitDuration has_sync_been_enabled: 0 state: 3
2026-09-24 04:11:11.796: [INFO] BookmarkNodeAdded, ABU: 0
2026-09-24 04:11:11.796: [INFO] BookmarkNodeAdded, ABU: 0
2026-09-24 04:11:11.796: [INFO] BookmarkNodeAdded, ABU: 0
2026-09-24 04:11:11.797: [INFO] BookmarkNodeAdded, ABU: 0
2026-09-24 04:11:11.797: [INFO] BookmarkNodeAdded, ABU: 0
2026-09-24 04:11:11.797: [INFO] BookmarkNodeAdded, ABU: 0
2026-09-24 04:11:11.798: [INFO] BookmarkNodeAdded, ABU: 0
2026-09-24 04:11:11.798: [INFO] BookmarkNodeAdded, ABU: 0
2026-09-24 04:11:11.819: [INFO] BookmarkBarPrefChanged showBar=0 showBarNTP=1
2026-09-24 04:11:12.058: [INFO] Sync initialization duration: 3557ms
